SERVICE RUNNING WITH: /Users/tyler/Desktop/projects/quantpm/.venv/bin/python
Starting live data service (update interval: 60s)
Press Ctrl+C to stop
[2025-11-22T16:06:52.032357+00:00] Updated 0/52 markets
  Error: L1: Failed to fetch price
  Error: L2: Failed to fetch price
  Error: L3: Failed to fetch price
  Error: L4: Failed to fetch price
  Error: L5: Failed to fetch price
  Error: L6: Failed to fetch price
  Error: L7: Failed to fetch price
  Error: L8: Failed to fetch price
  Error: L9: Failed to fetch price
  Error: L10: Failed to fetch price
  Error: L11: Failed to fetch price
  Error: L12: Failed to fetch price
  Error: L13: Failed to fetch price
  Error: L14: Failed to fetch price
  Error: L15: Failed to fetch price
  Error: L16: Failed to fetch price
  Error: L17: Failed to fetch price
  Error: L18: Failed to fetch price
  Error: L19: Failed to fetch price
  Error: L20: Failed to fetch price
  Error: L21: Failed to fetch price
  Error: L22: Failed to fetch price
  Error: L23: Failed to fetch price
  Error: L24: Failed to fetch price
  Error: L25: Failed to fetch price
  Error: L26: Failed to fetch price
  Error: L27: Failed to fetch price
  Error: L28: Failed to fetch price
  Error: L29: Failed to fetch price
  Error: L30: Failed to fetch price
  Error: L31: Failed to fetch price
  Error: L32: Failed to fetch price
  Error: L33: Failed to fetch price
  Error: L34: Failed to fetch price
  Error: L35: Failed to fetch price
  Error: L36: Failed to fetch price
  Error: L38: Failed to fetch price
  Error: L39: Failed to fetch price
  Error: L40: Failed to fetch price
  Error: L41: Failed to fetch price
  Error: L42: Failed to fetch price
  Error: L43: Failed to fetch price
  Error: L44: Failed to fetch price
  Error: L45: Failed to fetch price
  Error: L46: Failed to fetch price
  Error: L47: Failed to fetch price
  Error: L48: Failed to fetch price
  Error: L49: Failed to fetch price
  Error: L50: Failed to fetch price
  Error: L51: Failed to fetch price
  Error: L52: Failed to fetch price
  Error: L53: Failed to fetch price
[2025-11-22T16:08:07.719700+00:00] Updated 0/52 markets
  Error: L1: Failed to fetch price
  Error: L2: Failed to fetch price
  Error: L3: Failed to fetch price
  Error: L4: Failed to fetch price
  Error: L5: Failed to fetch price
  Error: L6: Failed to fetch price
  Error: L7: Failed to fetch price
  Error: L8: Failed to fetch price
  Error: L9: Failed to fetch price
  Error: L10: Failed to fetch price
  Error: L11: Failed to fetch price
  Error: L12: Failed to fetch price
  Error: L13: Failed to fetch price
  Error: L14: Failed to fetch price
  Error: L15: Failed to fetch price
  Error: L16: Failed to fetch price
  Error: L17: Failed to fetch price
  Error: L18: Failed to fetch price
  Error: L19: Failed to fetch price
  Error: L20: Failed to fetch price
  Error: L21: Failed to fetch price
  Error: L22: Failed to fetch price
  Error: L23: Failed to fetch price
  Error: L24: Failed to fetch price
  Error: L25: Failed to fetch price
  Error: L26: Failed to fetch price
  Error: L27: Failed to fetch price
  Error: L28: Failed to fetch price
  Error: L29: Failed to fetch price
  Error: L30: Failed to fetch price
  Error: L31: Failed to fetch price
  Error: L32: Failed to fetch price
  Error: L33: Failed to fetch price
  Error: L34: Failed to fetch price
  Error: L35: Failed to fetch price
  Error: L36: Failed to fetch price
  Error: L38: Failed to fetch price
  Error: L39: Failed to fetch price
  Error: L40: Failed to fetch price
  Error: L41: Failed to fetch price
  Error: L42: Failed to fetch price
  Error: L43: Failed to fetch price
  Error: L44: Failed to fetch price
  Error: L45: Failed to fetch price
  Error: L46: Failed to fetch price
  Error: L47: Failed to fetch price
  Error: L48: Failed to fetch price
  Error: L49: Failed to fetch price
  Error: L50: Failed to fetch price
  Error: L51: Failed to fetch price
  Error: L52: Failed to fetch price
  Error: L53: Failed to fetch price
[2025-11-22T16:09:22.997668+00:00] Updated 0/52 markets
  Error: L1: Failed to fetch price
  Error: L2: Failed to fetch price
  Error: L3: Failed to fetch price
  Error: L4: Failed to fetch price
  Error: L5: Failed to fetch price
  Error: L6: Failed to fetch price
  Error: L7: Failed to fetch price
  Error: L8: Failed to fetch price
  Error: L9: Failed to fetch price
  Error: L10: Failed to fetch price
  Error: L11: Failed to fetch price
  Error: L12: Failed to fetch price
  Error: L13: Failed to fetch price
  Error: L14: Failed to fetch price
  Error: L15: Failed to fetch price
  Error: L16: Failed to fetch price
  Error: L17: Failed to fetch price
  Error: L18: Failed to fetch price
  Error: L19: Failed to fetch price
  Error: L20: Failed to fetch price
  Error: L21: Failed to fetch price
  Error: L22: Failed to fetch price
  Error: L23: Failed to fetch price
  Error: L24: Failed to fetch price
  Error: L25: Failed to fetch price
  Error: L26: Failed to fetch price
  Error: L27: Failed to fetch price
  Error: L28: Failed to fetch price
  Error: L29: Failed to fetch price
  Error: L30: Failed to fetch price
  Error: L31: Failed to fetch price
  Error: L32: Failed to fetch price
  Error: L33: Failed to fetch price
  Error: L34: Failed to fetch price
  Error: L35: Failed to fetch price
  Error: L36: Failed to fetch price
  Error: L38: Failed to fetch price
  Error: L39: Failed to fetch price
  Error: L40: Failed to fetch price
  Error: L41: Failed to fetch price
  Error: L42: Failed to fetch price
  Error: L43: Failed to fetch price
  Error: L44: Failed to fetch price
  Error: L45: Failed to fetch price
  Error: L46: Failed to fetch price
  Error: L47: Failed to fetch price
  Error: L48: Failed to fetch price
  Error: L49: Failed to fetch price
  Error: L50: Failed to fetch price
  Error: L51: Failed to fetch price
  Error: L52: Failed to fetch price
  Error: L53: Failed to fetch price
[2025-11-22T16:10:38.241601+00:00] Updated 0/52 markets
  Error: L1: Failed to fetch price
  Error: L2: Failed to fetch price
  Error: L3: Failed to fetch price
  Error: L4: Failed to fetch price
  Error: L5: Failed to fetch price
  Error: L6: Failed to fetch price
  Error: L7: Failed to fetch price
  Error: L8: Failed to fetch price
  Error: L9: Failed to fetch price
  Error: L10: Failed to fetch price
  Error: L11: Failed to fetch price
  Error: L12: Failed to fetch price
  Error: L13: Failed to fetch price
  Error: L14: Failed to fetch price
  Error: L15: Failed to fetch price
  Error: L16: Failed to fetch price
  Error: L17: Failed to fetch price
  Error: L18: Failed to fetch price
  Error: L19: Failed to fetch price
  Error: L20: Failed to fetch price
  Error: L21: Failed to fetch price
  Error: L22: Failed to fetch price
  Error: L23: Failed to fetch price
  Error: L24: Failed to fetch price
  Error: L25: Failed to fetch price
  Error: L26: Failed to fetch price
  Error: L27: Failed to fetch price
  Error: L28: Failed to fetch price
  Error: L29: Failed to fetch price
  Error: L30: Failed to fetch price
  Error: L31: Failed to fetch price
  Error: L32: Failed to fetch price
  Error: L33: Failed to fetch price
  Error: L34: Failed to fetch price
  Error: L35: Failed to fetch price
  Error: L36: Failed to fetch price
  Error: L38: Failed to fetch price
  Error: L39: Failed to fetch price
  Error: L40: Failed to fetch price
  Error: L41: Failed to fetch price
  Error: L42: Failed to fetch price
  Error: L43: Failed to fetch price
  Error: L44: Failed to fetch price
  Error: L45: Failed to fetch price
  Error: L46: Failed to fetch price
  Error: L47: Failed to fetch price
  Error: L48: Failed to fetch price
  Error: L49: Failed to fetch price
  Error: L50: Failed to fetch price
  Error: L51: Failed to fetch price
  Error: L52: Failed to fetch price
  Error: L53: Failed to fetch price
[2025-11-22T16:11:55.112216+00:00] Updated 0/52 markets
  Error: L1: Failed to fetch price
  Error: L2: Failed to fetch price
  Error: L3: Failed to fetch price
  Error: L4: Failed to fetch price
  Error: L5: Failed to fetch price
  Error: L6: Failed to fetch price
  Error: L7: Failed to fetch price
  Error: L8: Failed to fetch price
  Error: L9: Failed to fetch price
  Error: L10: Failed to fetch price
  Error: L11: Failed to fetch price
  Error: L12: Failed to fetch price
  Error: L13: Failed to fetch price
  Error: L14: Failed to fetch price
  Error: L15: Failed to fetch price
  Error: L16: Failed to fetch price
  Error: L17: Failed to fetch price
  Error: L18: Failed to fetch price
  Error: L19: Failed to fetch price
  Error: L20: Failed to fetch price
  Error: L21: Failed to fetch price
  Error: L22: Failed to fetch price
  Error: L23: Failed to fetch price
  Error: L24: Failed to fetch price
  Error: L25: Failed to fetch price
  Error: L26: Failed to fetch price
  Error: L27: Failed to fetch price
  Error: L28: Failed to fetch price
  Error: L29: Failed to fetch price
  Error: L30: Failed to fetch price
  Error: L31: Failed to fetch price
  Error: L32: Failed to fetch price
  Error: L33: Failed to fetch price
  Error: L34: Failed to fetch price
  Error: L35: Failed to fetch price
  Error: L36: Failed to fetch price
  Error: L38: Failed to fetch price
  Error: L39: Failed to fetch price
  Error: L40: Failed to fetch price
  Error: L41: Failed to fetch price
  Error: L42: Failed to fetch price
  Error: L43: Failed to fetch price
  Error: L44: Failed to fetch price
  Error: L45: Failed to fetch price
  Error: L46: Failed to fetch price
  Error: L47: Failed to fetch price
  Error: L48: Failed to fetch price
  Error: L49: Failed to fetch price
  Error: L50: Failed to fetch price
  Error: L51: Failed to fetch price
  Error: L52: Failed to fetch price
  Error: L53: Failed to fetch price
SERVICE RUNNING WITH: /Users/tyler/Desktop/projects/quantpm/.venv/bin/python
Starting live data service (update interval: 60s)
Press Ctrl+C to stop
[2025-11-22T16:14:11.463090+00:00] Updated 0/69 markets
  Error: L1: Failed to fetch price
  Error: L2: Failed to fetch price
  Error: L3: Failed to fetch price
  Error: L4: Failed to fetch price
  Error: L5: Failed to fetch price
  Error: L6: Failed to fetch price
  Error: L7: Failed to fetch price
  Error: L8: Failed to fetch price
  Error: L9: Failed to fetch price
  Error: L10: Failed to fetch price
  Error: L11: Failed to fetch price
  Error: L12: Failed to fetch price
  Error: L13: Failed to fetch price
  Error: L14: Failed to fetch price
  Error: L15: Failed to fetch price
  Error: L16: Failed to fetch price
  Error: L17: Failed to fetch price
  Error: L18: Failed to fetch price
  Error: L19: Failed to fetch price
  Error: L20: Failed to fetch price
  Error: L21: Failed to fetch price
  Error: L22: Failed to fetch price
  Error: L23: Failed to fetch price
  Error: L24: Failed to fetch price
  Error: L25: Failed to fetch price
  Error: L26: Failed to fetch price
  Error: L27: Failed to fetch price
  Error: L28: Failed to fetch price
  Error: L29: Failed to fetch price
  Error: L30: Failed to fetch price
  Error: L31: Failed to fetch price
  Error: L32: Failed to fetch price
  Error: L33: Failed to fetch price
  Error: L34: Failed to fetch price
  Error: L35: Failed to fetch price
  Error: L36: Failed to fetch price
  Error: L37: Failed to fetch price
  Error: L38: Failed to fetch price
  Error: L39: Failed to fetch price
  Error: L40: Failed to fetch price
  Error: L41: Failed to fetch price
  Error: L42: Failed to fetch price
  Error: L43: Failed to fetch price
  Error: L44: Failed to fetch price
  Error: L45: Failed to fetch price
  Error: L46: Failed to fetch price
  Error: L47: Failed to fetch price
  Error: L48: Failed to fetch price
  Error: L49: Failed to fetch price
  Error: L50: Failed to fetch price
  Error: L51: Failed to fetch price
  Error: L52: Failed to fetch price
  Error: L53: Failed to fetch price
  Error: L54: Failed to fetch price
  Error: L55: Failed to fetch price
  Error: L56: Failed to fetch price
  Error: L57: Failed to fetch price
  Error: L58: Failed to fetch price
  Error: L59: Failed to fetch price
  Error: L60: Failed to fetch price
  Error: L61: Failed to fetch price
  Error: L62: Failed to fetch price
  Error: L63: Failed to fetch price
  Error: L64: Failed to fetch price
  Error: L65: Failed to fetch price
  Error: L66: Failed to fetch price
  Error: L67: Failed to fetch price
  Error: L68: Failed to fetch price
  Error: L69: Failed to fetch price
SERVICE RUNNING WITH: /Users/tyler/Desktop/projects/quantpm/.venv/bin/python
Starting live data service (update interval: 60s)
Press Ctrl+C to stop
[2025-11-22T16:14:51.384504+00:00] Updated 0/69 markets
  Error: L1: Failed to fetch price
  Error: L2: Failed to fetch price
  Error: L3: Failed to fetch price
  Error: L4: Failed to fetch price
  Error: L5: Failed to fetch price
  Error: L6: Failed to fetch price
  Error: L7: Failed to fetch price
  Error: L8: Failed to fetch price
  Error: L9: Failed to fetch price
  Error: L10: Failed to fetch price
  Error: L11: Failed to fetch price
  Error: L12: Failed to fetch price
  Error: L13: Failed to fetch price
  Error: L14: Failed to fetch price
  Error: L15: Failed to fetch price
  Error: L16: Failed to fetch price
  Error: L17: Failed to fetch price
  Error: L18: Failed to fetch price
  Error: L19: Failed to fetch price
  Error: L20: Failed to fetch price
  Error: L21: Failed to fetch price
  Error: L22: Failed to fetch price
  Error: L23: Failed to fetch price
  Error: L24: Failed to fetch price
  Error: L25: Failed to fetch price
  Error: L26: Failed to fetch price
  Error: L27: Failed to fetch price
  Error: L28: Failed to fetch price
  Error: L29: Failed to fetch price
  Error: L30: Failed to fetch price
  Error: L31: Failed to fetch price
  Error: L32: Failed to fetch price
  Error: L33: Failed to fetch price
  Error: L34: Failed to fetch price
  Error: L35: Failed to fetch price
  Error: L36: Failed to fetch price
  Error: L37: Failed to fetch price
  Error: L38: Failed to fetch price
  Error: L39: Failed to fetch price
  Error: L40: Failed to fetch price
  Error: L41: Failed to fetch price
  Error: L42: Failed to fetch price
  Error: L43: Failed to fetch price
  Error: L44: Failed to fetch price
  Error: L45: Failed to fetch price
  Error: L46: Failed to fetch price
  Error: L47: Failed to fetch price
  Error: L48: Failed to fetch price
  Error: L49: Failed to fetch price
  Error: L50: Failed to fetch price
  Error: L51: Failed to fetch price
  Error: L52: Failed to fetch price
  Error: L53: Failed to fetch price
  Error: L54: Failed to fetch price
  Error: L55: Failed to fetch price
  Error: L56: Failed to fetch price
  Error: L57: Failed to fetch price
  Error: L58: Failed to fetch price
  Error: L59: Failed to fetch price
  Error: L60: Failed to fetch price
  Error: L61: Failed to fetch price
  Error: L62: Failed to fetch price
  Error: L63: Failed to fetch price
  Error: L64: Failed to fetch price
  Error: L65: Failed to fetch price
  Error: L66: Failed to fetch price
  Error: L67: Failed to fetch price
  Error: L68: Failed to fetch price
  Error: L69: Failed to fetch price
SERVICE RUNNING WITH: /Users/tyler/Desktop/projects/quantpm/.venv/bin/python
Starting live data service (update interval: 60s)
Press Ctrl+C to stop
SERVICE RUNNING WITH: /Users/tyler/Desktop/projects/quantpm/.venv/bin/python
Starting live data service (update interval: 60s)
Press Ctrl+C to stop
[2025-11-22T16:23:46.344164+00:00] Updated 38/69 markets
  Error: L37: Failed to fetch price
  Error: L39: Failed to fetch price
  Error: L40: Failed to fetch price
  Error: L41: Failed to fetch price
  Error: L42: Failed to fetch price
  Error: L43: Failed to fetch price
  Error: L44: Failed to fetch price
  Error: L46: Failed to fetch price
  Error: L47: Failed to fetch price
  Error: L48: Failed to fetch price
  Error: L49: Failed to fetch price
  Error: L50: Failed to fetch price
  Error: L51: Failed to fetch price
  Error: L52: Failed to fetch price
  Error: L53: Failed to fetch price
  Error: L54: Failed to fetch price
  Error: L55: Failed to fetch price
  Error: L56: Failed to fetch price
  Error: L57: Failed to fetch price
  Error: L58: Failed to fetch price
  Error: L59: Failed to fetch price
  Error: L60: Failed to fetch price
  Error: L61: Failed to fetch price
  Error: L62: Failed to fetch price
  Error: L63: Failed to fetch price
  Error: L64: Failed to fetch price
  Error: L65: Failed to fetch price
  Error: L66: Failed to fetch price
  Error: L67: Failed to fetch price
  Error: L68: Failed to fetch price
  Error: L69: Failed to fetch price
[2025-11-22T16:25:15.039281+00:00] Updated 38/69 markets
  Error: L37: Failed to fetch price
  Error: L39: Failed to fetch price
  Error: L40: Failed to fetch price
  Error: L41: Failed to fetch price
  Error: L42: Failed to fetch price
  Error: L43: Failed to fetch price
  Error: L44: Failed to fetch price
  Error: L46: Failed to fetch price
  Error: L47: Failed to fetch price
  Error: L48: Failed to fetch price
  Error: L49: Failed to fetch price
  Error: L50: Failed to fetch price
  Error: L51: Failed to fetch price
  Error: L52: Failed to fetch price
  Error: L53: Failed to fetch price
  Error: L54: Failed to fetch price
  Error: L55: Failed to fetch price
  Error: L56: Failed to fetch price
  Error: L57: Failed to fetch price
  Error: L58: Failed to fetch price
  Error: L59: Failed to fetch price
  Error: L60: Failed to fetch price
  Error: L61: Failed to fetch price
  Error: L62: Failed to fetch price
  Error: L63: Failed to fetch price
  Error: L64: Failed to fetch price
  Error: L65: Failed to fetch price
  Error: L66: Failed to fetch price
  Error: L67: Failed to fetch price
  Error: L68: Failed to fetch price
  Error: L69: Failed to fetch price
[2025-11-22T16:26:42.290651+00:00] Updated 38/69 markets
  Error: L37: Failed to fetch price
  Error: L39: Failed to fetch price
  Error: L40: Failed to fetch price
  Error: L41: Failed to fetch price
  Error: L42: Failed to fetch price
  Error: L43: Failed to fetch price
  Error: L44: Failed to fetch price
  Error: L46: Failed to fetch price
  Error: L47: Failed to fetch price
  Error: L48: Failed to fetch price
  Error: L49: Failed to fetch price
  Error: L50: Failed to fetch price
  Error: L51: Failed to fetch price
  Error: L52: Failed to fetch price
  Error: L53: Failed to fetch price
  Error: L54: Failed to fetch price
  Error: L55: Failed to fetch price
  Error: L56: Failed to fetch price
  Error: L57: Failed to fetch price
  Error: L58: Failed to fetch price
  Error: L59: Failed to fetch price
  Error: L60: Failed to fetch price
  Error: L61: Failed to fetch price
  Error: L62: Failed to fetch price
  Error: L63: Failed to fetch price
  Error: L64: Failed to fetch price
  Error: L65: Failed to fetch price
  Error: L66: Failed to fetch price
  Error: L67: Failed to fetch price
  Error: L68: Failed to fetch price
  Error: L69: Failed to fetch price
[2025-11-22T16:28:46.194375+00:00] Updated 38/69 markets
  Error: L37: Failed to fetch price
  Error: L39: Failed to fetch price
  Error: L40: Failed to fetch price
  Error: L41: Failed to fetch price
  Error: L42: Failed to fetch price
  Error: L43: Failed to fetch price
  Error: L44: Failed to fetch price
  Error: L46: Failed to fetch price
  Error: L47: Failed to fetch price
  Error: L48: Failed to fetch price
  Error: L49: Failed to fetch price
  Error: L50: Failed to fetch price
  Error: L51: Failed to fetch price
  Error: L52: Failed to fetch price
  Error: L53: Failed to fetch price
  Error: L54: Failed to fetch price
  Error: L55: Failed to fetch price
  Error: L56: Failed to fetch price
  Error: L57: Failed to fetch price
  Error: L58: Failed to fetch price
  Error: L59: Failed to fetch price
  Error: L60: Failed to fetch price
  Error: L61: Failed to fetch price
  Error: L62: Failed to fetch price
  Error: L63: Failed to fetch price
  Error: L64: Failed to fetch price
  Error: L65: Failed to fetch price
  Error: L66: Failed to fetch price
  Error: L67: Failed to fetch price
  Error: L68: Failed to fetch price
  Error: L69: Failed to fetch price
[2025-11-22T16:30:11.916336+00:00] Updated 38/69 markets
  Error: L37: Failed to fetch price
  Error: L39: Failed to fetch price
  Error: L40: Failed to fetch price
  Error: L41: Failed to fetch price
  Error: L42: Failed to fetch price
  Error: L43: Failed to fetch price
  Error: L44: Failed to fetch price
  Error: L46: Failed to fetch price
  Error: L47: Failed to fetch price
  Error: L48: Failed to fetch price
  Error: L49: Failed to fetch price
  Error: L50: Failed to fetch price
  Error: L51: Failed to fetch price
  Error: L52: Failed to fetch price
  Error: L53: Failed to fetch price
  Error: L54: Failed to fetch price
  Error: L55: Failed to fetch price
  Error: L56: Failed to fetch price
  Error: L57: Failed to fetch price
  Error: L58: Failed to fetch price
  Error: L59: Failed to fetch price
  Error: L60: Failed to fetch price
  Error: L61: Failed to fetch price
  Error: L62: Failed to fetch price
  Error: L63: Failed to fetch price
  Error: L64: Failed to fetch price
  Error: L65: Failed to fetch price
  Error: L66: Failed to fetch price
  Error: L67: Failed to fetch price
  Error: L68: Failed to fetch price
  Error: L69: Failed to fetch price
[2025-11-22T16:31:38.812791+00:00] Updated 38/69 markets
  Error: L37: Failed to fetch price
  Error: L39: Failed to fetch price
  Error: L40: Failed to fetch price
  Error: L41: Failed to fetch price
  Error: L42: Failed to fetch price
  Error: L43: Failed to fetch price
  Error: L44: Failed to fetch price
  Error: L46: Failed to fetch price
  Error: L47: Failed to fetch price
  Error: L48: Failed to fetch price
  Error: L49: Failed to fetch price
  Error: L50: Failed to fetch price
  Error: L51: Failed to fetch price
  Error: L52: Failed to fetch price
  Error: L53: Failed to fetch price
  Error: L54: Failed to fetch price
  Error: L55: Failed to fetch price
  Error: L56: Failed to fetch price
  Error: L57: Failed to fetch price
  Error: L58: Failed to fetch price
  Error: L59: Failed to fetch price
  Error: L60: Failed to fetch price
  Error: L61: Failed to fetch price
  Error: L62: Failed to fetch price
  Error: L63: Failed to fetch price
  Error: L64: Failed to fetch price
  Error: L65: Failed to fetch price
  Error: L66: Failed to fetch price
  Error: L67: Failed to fetch price
  Error: L68: Failed to fetch price
  Error: L69: Failed to fetch price
[2025-11-22T16:33:04.300495+00:00] Updated 38/69 markets
  Error: L37: Failed to fetch price
  Error: L39: Failed to fetch price
  Error: L40: Failed to fetch price
  Error: L41: Failed to fetch price
  Error: L42: Failed to fetch price
  Error: L43: Failed to fetch price
  Error: L44: Failed to fetch price
  Error: L46: Failed to fetch price
  Error: L47: Failed to fetch price
  Error: L48: Failed to fetch price
  Error: L49: Failed to fetch price
  Error: L50: Failed to fetch price
  Error: L51: Failed to fetch price
  Error: L52: Failed to fetch price
  Error: L53: Failed to fetch price
  Error: L54: Failed to fetch price
  Error: L55: Failed to fetch price
  Error: L56: Failed to fetch price
  Error: L57: Failed to fetch price
  Error: L58: Failed to fetch price
  Error: L59: Failed to fetch price
  Error: L60: Failed to fetch price
  Error: L61: Failed to fetch price
  Error: L62: Failed to fetch price
  Error: L63: Failed to fetch price
  Error: L64: Failed to fetch price
  Error: L65: Failed to fetch price
  Error: L66: Failed to fetch price
  Error: L67: Failed to fetch price
  Error: L68: Failed to fetch price
  Error: L69: Failed to fetch price
[2025-11-22T16:34:57.282055+00:00] Updated 38/69 markets
  Error: L37: Failed to fetch price
  Error: L39: Failed to fetch price
  Error: L40: Failed to fetch price
  Error: L41: Failed to fetch price
  Error: L42: Failed to fetch price
  Error: L43: Failed to fetch price
  Error: L44: Failed to fetch price
  Error: L46: Failed to fetch price
  Error: L47: Failed to fetch price
  Error: L48: Failed to fetch price
  Error: L49: Failed to fetch price
  Error: L50: Failed to fetch price
  Error: L51: Failed to fetch price
  Error: L52: Failed to fetch price
  Error: L53: Failed to fetch price
  Error: L54: Failed to fetch price
  Error: L55: Failed to fetch price
  Error: L56: Failed to fetch price
  Error: L57: Failed to fetch price
  Error: L58: Failed to fetch price
  Error: L59: Failed to fetch price
  Error: L60: Failed to fetch price
  Error: L61: Failed to fetch price
  Error: L62: Failed to fetch price
  Error: L63: Failed to fetch price
  Error: L64: Failed to fetch price
  Error: L65: Failed to fetch price
  Error: L66: Failed to fetch price
  Error: L67: Failed to fetch price
  Error: L68: Failed to fetch price
  Error: L69: Failed to fetch price
[2025-11-22T16:36:22.960121+00:00] Updated 38/69 markets
  Error: L37: Failed to fetch price
  Error: L39: Failed to fetch price
  Error: L40: Failed to fetch price
  Error: L41: Failed to fetch price
  Error: L42: Failed to fetch price
  Error: L43: Failed to fetch price
  Error: L44: Failed to fetch price
  Error: L46: Failed to fetch price
  Error: L47: Failed to fetch price
  Error: L48: Failed to fetch price
  Error: L49: Failed to fetch price
  Error: L50: Failed to fetch price
  Error: L51: Failed to fetch price
  Error: L52: Failed to fetch price
  Error: L53: Failed to fetch price
  Error: L54: Failed to fetch price
  Error: L55: Failed to fetch price
  Error: L56: Failed to fetch price
  Error: L57: Failed to fetch price
  Error: L58: Failed to fetch price
  Error: L59: Failed to fetch price
  Error: L60: Failed to fetch price
  Error: L61: Failed to fetch price
  Error: L62: Failed to fetch price
  Error: L63: Failed to fetch price
  Error: L64: Failed to fetch price
  Error: L65: Failed to fetch price
  Error: L66: Failed to fetch price
  Error: L67: Failed to fetch price
  Error: L68: Failed to fetch price
  Error: L69: Failed to fetch price
[2025-11-22T16:37:50.793149+00:00] Updated 38/69 markets
  Error: L37: Failed to fetch price
  Error: L39: Failed to fetch price
  Error: L40: Failed to fetch price
  Error: L41: Failed to fetch price
  Error: L42: Failed to fetch price
  Error: L43: Failed to fetch price
  Error: L44: Failed to fetch price
  Error: L46: Failed to fetch price
  Error: L47: Failed to fetch price
  Error: L48: Failed to fetch price
  Error: L49: Failed to fetch price
  Error: L50: Failed to fetch price
  Error: L51: Failed to fetch price
  Error: L52: Failed to fetch price
  Error: L53: Failed to fetch price
  Error: L54: Failed to fetch price
  Error: L55: Failed to fetch price
  Error: L56: Failed to fetch price
  Error: L57: Failed to fetch price
  Error: L58: Failed to fetch price
  Error: L59: Failed to fetch price
  Error: L60: Failed to fetch price
  Error: L61: Failed to fetch price
  Error: L62: Failed to fetch price
  Error: L63: Failed to fetch price
  Error: L64: Failed to fetch price
  Error: L65: Failed to fetch price
  Error: L66: Failed to fetch price
  Error: L67: Failed to fetch price
  Error: L68: Failed to fetch price
  Error: L69: Failed to fetch price
[2025-11-22T16:39:15.897196+00:00] Updated 38/69 markets
  Error: L37: Failed to fetch price
  Error: L39: Failed to fetch price
  Error: L40: Failed to fetch price
  Error: L41: Failed to fetch price
  Error: L42: Failed to fetch price
  Error: L43: Failed to fetch price
  Error: L44: Failed to fetch price
  Error: L46: Failed to fetch price
  Error: L47: Failed to fetch price
  Error: L48: Failed to fetch price
  Error: L49: Failed to fetch price
  Error: L50: Failed to fetch price
  Error: L51: Failed to fetch price
  Error: L52: Failed to fetch price
  Error: L53: Failed to fetch price
  Error: L54: Failed to fetch price
  Error: L55: Failed to fetch price
  Error: L56: Failed to fetch price
  Error: L57: Failed to fetch price
  Error: L58: Failed to fetch price
  Error: L59: Failed to fetch price
  Error: L60: Failed to fetch price
  Error: L61: Failed to fetch price
  Error: L62: Failed to fetch price
  Error: L63: Failed to fetch price
  Error: L64: Failed to fetch price
  Error: L65: Failed to fetch price
  Error: L66: Failed to fetch price
  Error: L67: Failed to fetch price
  Error: L68: Failed to fetch price
  Error: L69: Failed to fetch price
[2025-11-22T16:40:50.422861+00:00] Updated 38/69 markets
  Error: L37: Failed to fetch price
  Error: L39: Failed to fetch price
  Error: L40: Failed to fetch price
  Error: L41: Failed to fetch price
  Error: L42: Failed to fetch price
  Error: L43: Failed to fetch price
  Error: L44: Failed to fetch price
  Error: L46: Failed to fetch price
  Error: L47: Failed to fetch price
  Error: L48: Failed to fetch price
  Error: L49: Failed to fetch price
  Error: L50: Failed to fetch price
  Error: L51: Failed to fetch price
  Error: L52: Failed to fetch price
  Error: L53: Failed to fetch price
  Error: L54: Failed to fetch price
  Error: L55: Failed to fetch price
  Error: L56: Failed to fetch price
  Error: L57: Failed to fetch price
  Error: L58: Failed to fetch price
  Error: L59: Failed to fetch price
  Error: L60: Failed to fetch price
  Error: L61: Failed to fetch price
  Error: L62: Failed to fetch price
  Error: L63: Failed to fetch price
  Error: L64: Failed to fetch price
  Error: L65: Failed to fetch price
  Error: L66: Failed to fetch price
  Error: L67: Failed to fetch price
  Error: L68: Failed to fetch price
  Error: L69: Failed to fetch price
[2025-11-22T16:42:17.852258+00:00] Updated 38/69 markets
  Error: L37: Failed to fetch price
  Error: L39: Failed to fetch price
  Error: L40: Failed to fetch price
  Error: L41: Failed to fetch price
  Error: L42: Failed to fetch price
  Error: L43: Failed to fetch price
  Error: L44: Failed to fetch price
  Error: L46: Failed to fetch price
  Error: L47: Failed to fetch price
  Error: L48: Failed to fetch price
  Error: L49: Failed to fetch price
  Error: L50: Failed to fetch price
  Error: L51: Failed to fetch price
  Error: L52: Failed to fetch price
  Error: L53: Failed to fetch price
  Error: L54: Failed to fetch price
  Error: L55: Failed to fetch price
  Error: L56: Failed to fetch price
  Error: L57: Failed to fetch price
  Error: L58: Failed to fetch price
  Error: L59: Failed to fetch price
  Error: L60: Failed to fetch price
  Error: L61: Failed to fetch price
  Error: L62: Failed to fetch price
  Error: L63: Failed to fetch price
  Error: L64: Failed to fetch price
  Error: L65: Failed to fetch price
  Error: L66: Failed to fetch price
  Error: L67: Failed to fetch price
  Error: L68: Failed to fetch price
  Error: L69: Failed to fetch price
[2025-11-22T16:43:45.709141+00:00] Updated 38/69 markets
  Error: L37: Failed to fetch price
  Error: L39: Failed to fetch price
  Error: L40: Failed to fetch price
  Error: L41: Failed to fetch price
  Error: L42: Failed to fetch price
  Error: L43: Failed to fetch price
  Error: L44: Failed to fetch price
  Error: L46: Failed to fetch price
  Error: L47: Failed to fetch price
  Error: L48: Failed to fetch price
  Error: L49: Failed to fetch price
  Error: L50: Failed to fetch price
  Error: L51: Failed to fetch price
  Error: L52: Failed to fetch price
  Error: L53: Failed to fetch price
  Error: L54: Failed to fetch price
  Error: L55: Failed to fetch price
  Error: L56: Failed to fetch price
  Error: L57: Failed to fetch price
  Error: L58: Failed to fetch price
  Error: L59: Failed to fetch price
  Error: L60: Failed to fetch price
  Error: L61: Failed to fetch price
  Error: L62: Failed to fetch price
  Error: L63: Failed to fetch price
  Error: L64: Failed to fetch price
  Error: L65: Failed to fetch price
  Error: L66: Failed to fetch price
  Error: L67: Failed to fetch price
  Error: L68: Failed to fetch price
  Error: L69: Failed to fetch price
[2025-11-22T16:46:09.707352+00:00] Updated 38/69 markets
  Error: L37: Failed to fetch price
  Error: L39: Failed to fetch price
  Error: L40: Failed to fetch price
  Error: L41: Failed to fetch price
  Error: L42: Failed to fetch price
  Error: L43: Failed to fetch price
  Error: L44: Failed to fetch price
  Error: L46: Failed to fetch price
  Error: L47: Failed to fetch price
  Error: L48: Failed to fetch price
  Error: L49: Failed to fetch price
  Error: L50: Failed to fetch price
  Error: L51: Failed to fetch price
  Error: L52: Failed to fetch price
  Error: L53: Failed to fetch price
  Error: L54: Failed to fetch price
  Error: L55: Failed to fetch price
  Error: L56: Failed to fetch price
  Error: L57: Failed to fetch price
  Error: L58: Failed to fetch price
  Error: L59: Failed to fetch price
  Error: L60: Failed to fetch price
  Error: L61: Failed to fetch price
  Error: L62: Failed to fetch price
  Error: L63: Failed to fetch price
  Error: L64: Failed to fetch price
  Error: L65: Failed to fetch price
  Error: L66: Failed to fetch price
  Error: L67: Failed to fetch price
  Error: L68: Failed to fetch price
  Error: L69: Failed to fetch price
[2025-11-22T16:47:36.986305+00:00] Updated 38/69 markets
  Error: L37: Failed to fetch price
  Error: L39: Failed to fetch price
  Error: L40: Failed to fetch price
  Error: L41: Failed to fetch price
  Error: L42: Failed to fetch price
  Error: L43: Failed to fetch price
  Error: L44: Failed to fetch price
  Error: L46: Failed to fetch price
  Error: L47: Failed to fetch price
  Error: L48: Failed to fetch price
  Error: L49: Failed to fetch price
  Error: L50: Failed to fetch price
  Error: L51: Failed to fetch price
  Error: L52: Failed to fetch price
  Error: L53: Failed to fetch price
  Error: L54: Failed to fetch price
  Error: L55: Failed to fetch price
  Error: L56: Failed to fetch price
  Error: L57: Failed to fetch price
  Error: L58: Failed to fetch price
  Error: L59: Failed to fetch price
  Error: L60: Failed to fetch price
  Error: L61: Failed to fetch price
  Error: L62: Failed to fetch price
  Error: L63: Failed to fetch price
  Error: L64: Failed to fetch price
  Error: L65: Failed to fetch price
  Error: L66: Failed to fetch price
  Error: L67: Failed to fetch price
  Error: L68: Failed to fetch price
  Error: L69: Failed to fetch price
[2025-11-22T16:49:06.289117+00:00] Updated 38/69 markets
  Error: L37: Failed to fetch price
  Error: L39: Failed to fetch price
  Error: L40: Failed to fetch price
  Error: L41: Failed to fetch price
  Error: L42: Failed to fetch price
  Error: L43: Failed to fetch price
  Error: L44: Failed to fetch price
  Error: L46: Failed to fetch price
  Error: L47: Failed to fetch price
  Error: L48: Failed to fetch price
  Error: L49: Failed to fetch price
  Error: L50: Failed to fetch price
  Error: L51: Failed to fetch price
  Error: L52: Failed to fetch price
  Error: L53: Failed to fetch price
  Error: L54: Failed to fetch price
  Error: L55: Failed to fetch price
  Error: L56: Failed to fetch price
  Error: L57: Failed to fetch price
  Error: L58: Failed to fetch price
  Error: L59: Failed to fetch price
  Error: L60: Failed to fetch price
  Error: L61: Failed to fetch price
  Error: L62: Failed to fetch price
  Error: L63: Failed to fetch price
  Error: L64: Failed to fetch price
  Error: L65: Failed to fetch price
  Error: L66: Failed to fetch price
  Error: L67: Failed to fetch price
  Error: L68: Failed to fetch price
  Error: L69: Failed to fetch price
[2025-11-22T16:50:33.699272+00:00] Updated 38/69 markets
  Error: L37: Failed to fetch price
  Error: L39: Failed to fetch price
  Error: L40: Failed to fetch price
  Error: L41: Failed to fetch price
  Error: L42: Failed to fetch price
  Error: L43: Failed to fetch price
  Error: L44: Failed to fetch price
  Error: L46: Failed to fetch price
  Error: L47: Failed to fetch price
  Error: L48: Failed to fetch price
  Error: L49: Failed to fetch price
  Error: L50: Failed to fetch price
  Error: L51: Failed to fetch price
  Error: L52: Failed to fetch price
  Error: L53: Failed to fetch price
  Error: L54: Failed to fetch price
  Error: L55: Failed to fetch price
  Error: L56: Failed to fetch price
  Error: L57: Failed to fetch price
  Error: L58: Failed to fetch price
  Error: L59: Failed to fetch price
  Error: L60: Failed to fetch price
  Error: L61: Failed to fetch price
  Error: L62: Failed to fetch price
  Error: L63: Failed to fetch price
  Error: L64: Failed to fetch price
  Error: L65: Failed to fetch price
  Error: L66: Failed to fetch price
  Error: L67: Failed to fetch price
  Error: L68: Failed to fetch price
  Error: L69: Failed to fetch price
[2025-11-22T16:52:29.615525+00:00] Updated 38/69 markets
  Error: L37: Failed to fetch price
  Error: L39: Failed to fetch price
  Error: L40: Failed to fetch price
  Error: L41: Failed to fetch price
  Error: L42: Failed to fetch price
  Error: L43: Failed to fetch price
  Error: L44: Failed to fetch price
  Error: L46: Failed to fetch price
  Error: L47: Failed to fetch price
  Error: L48: Failed to fetch price
  Error: L49: Failed to fetch price
  Error: L50: Failed to fetch price
  Error: L51: Failed to fetch price
  Error: L52: Failed to fetch price
  Error: L53: Failed to fetch price
  Error: L54: Failed to fetch price
  Error: L55: Failed to fetch price
  Error: L56: Failed to fetch price
  Error: L57: Failed to fetch price
  Error: L58: Failed to fetch price
  Error: L59: Failed to fetch price
  Error: L60: Failed to fetch price
  Error: L61: Failed to fetch price
  Error: L62: Failed to fetch price
  Error: L63: Failed to fetch price
  Error: L64: Failed to fetch price
  Error: L65: Failed to fetch price
  Error: L66: Failed to fetch price
  Error: L67: Failed to fetch price
  Error: L68: Failed to fetch price
  Error: L69: Failed to fetch price
[2025-11-22T16:53:57.699916+00:00] Updated 38/69 markets
  Error: L37: Failed to fetch price
  Error: L39: Failed to fetch price
  Error: L40: Failed to fetch price
  Error: L41: Failed to fetch price
  Error: L42: Failed to fetch price
  Error: L43: Failed to fetch price
  Error: L44: Failed to fetch price
  Error: L46: Failed to fetch price
  Error: L47: Failed to fetch price
  Error: L48: Failed to fetch price
  Error: L49: Failed to fetch price
  Error: L50: Failed to fetch price
  Error: L51: Failed to fetch price
  Error: L52: Failed to fetch price
  Error: L53: Failed to fetch price
  Error: L54: Failed to fetch price
  Error: L55: Failed to fetch price
  Error: L56: Failed to fetch price
  Error: L57: Failed to fetch price
  Error: L58: Failed to fetch price
  Error: L59: Failed to fetch price
  Error: L60: Failed to fetch price
  Error: L61: Failed to fetch price
  Error: L62: Failed to fetch price
  Error: L63: Failed to fetch price
  Error: L64: Failed to fetch price
  Error: L65: Failed to fetch price
  Error: L66: Failed to fetch price
  Error: L67: Failed to fetch price
  Error: L68: Failed to fetch price
  Error: L69: Failed to fetch price
[2025-11-22T16:55:30.213483+00:00] Updated 38/69 markets
  Error: L37: Failed to fetch price
  Error: L39: Failed to fetch price
  Error: L40: Failed to fetch price
  Error: L41: Failed to fetch price
  Error: L42: Failed to fetch price
  Error: L43: Failed to fetch price
  Error: L44: Failed to fetch price
  Error: L46: Failed to fetch price
  Error: L47: Failed to fetch price
  Error: L48: Failed to fetch price
  Error: L49: Failed to fetch price
  Error: L50: Failed to fetch price
  Error: L51: Failed to fetch price
  Error: L52: Failed to fetch price
  Error: L53: Failed to fetch price
  Error: L54: Failed to fetch price
  Error: L55: Failed to fetch price
  Error: L56: Failed to fetch price
  Error: L57: Failed to fetch price
  Error: L58: Failed to fetch price
  Error: L59: Failed to fetch price
  Error: L60: Failed to fetch price
  Error: L61: Failed to fetch price
  Error: L62: Failed to fetch price
  Error: L63: Failed to fetch price
  Error: L64: Failed to fetch price
  Error: L65: Failed to fetch price
  Error: L66: Failed to fetch price
  Error: L67: Failed to fetch price
  Error: L68: Failed to fetch price
  Error: L69: Failed to fetch price
[2025-11-22T16:58:06.490738+00:00] Updated 38/69 markets
  Error: L37: Failed to fetch price
  Error: L39: Failed to fetch price
  Error: L40: Failed to fetch price
  Error: L41: Failed to fetch price
  Error: L42: Failed to fetch price
  Error: L43: Failed to fetch price
  Error: L44: Failed to fetch price
  Error: L46: Failed to fetch price
  Error: L47: Failed to fetch price
  Error: L48: Failed to fetch price
  Error: L49: Failed to fetch price
  Error: L50: Failed to fetch price
  Error: L51: Failed to fetch price
  Error: L52: Failed to fetch price
  Error: L53: Failed to fetch price
  Error: L54: Failed to fetch price
  Error: L55: Failed to fetch price
  Error: L56: Failed to fetch price
  Error: L57: Failed to fetch price
  Error: L58: Failed to fetch price
  Error: L59: Failed to fetch price
  Error: L60: Failed to fetch price
  Error: L61: Failed to fetch price
  Error: L62: Failed to fetch price
  Error: L63: Failed to fetch price
  Error: L64: Failed to fetch price
  Error: L65: Failed to fetch price
  Error: L66: Failed to fetch price
  Error: L67: Failed to fetch price
  Error: L68: Failed to fetch price
  Error: L69: Failed to fetch price
[2025-11-22T17:00:40.710219+00:00] Updated 38/69 markets
  Error: L37: Failed to fetch price
  Error: L39: Failed to fetch price
  Error: L40: Failed to fetch price
  Error: L41: Failed to fetch price
  Error: L42: Failed to fetch price
  Error: L43: Failed to fetch price
  Error: L44: Failed to fetch price
  Error: L46: Failed to fetch price
  Error: L47: Failed to fetch price
  Error: L48: Failed to fetch price
  Error: L49: Failed to fetch price
  Error: L50: Failed to fetch price
  Error: L51: Failed to fetch price
  Error: L52: Failed to fetch price
  Error: L53: Failed to fetch price
  Error: L54: Failed to fetch price
  Error: L55: Failed to fetch price
  Error: L56: Failed to fetch price
  Error: L57: Failed to fetch price
  Error: L58: Failed to fetch price
  Error: L59: Failed to fetch price
  Error: L60: Failed to fetch price
  Error: L61: Failed to fetch price
  Error: L62: Failed to fetch price
  Error: L63: Failed to fetch price
  Error: L64: Failed to fetch price
  Error: L65: Failed to fetch price
  Error: L66: Failed to fetch price
  Error: L67: Failed to fetch price
  Error: L68: Failed to fetch price
  Error: L69: Failed to fetch price
[2025-11-22T17:02:06.999984+00:00] Updated 38/69 markets
  Error: L37: Failed to fetch price
  Error: L39: Failed to fetch price
  Error: L40: Failed to fetch price
  Error: L41: Failed to fetch price
  Error: L42: Failed to fetch price
  Error: L43: Failed to fetch price
  Error: L44: Failed to fetch price
  Error: L46: Failed to fetch price
  Error: L47: Failed to fetch price
  Error: L48: Failed to fetch price
  Error: L49: Failed to fetch price
  Error: L50: Failed to fetch price
  Error: L51: Failed to fetch price
  Error: L52: Failed to fetch price
  Error: L53: Failed to fetch price
  Error: L54: Failed to fetch price
  Error: L55: Failed to fetch price
  Error: L56: Failed to fetch price
  Error: L57: Failed to fetch price
  Error: L58: Failed to fetch price
  Error: L59: Failed to fetch price
  Error: L60: Failed to fetch price
  Error: L61: Failed to fetch price
  Error: L62: Failed to fetch price
  Error: L63: Failed to fetch price
  Error: L64: Failed to fetch price
  Error: L65: Failed to fetch price
  Error: L66: Failed to fetch price
  Error: L67: Failed to fetch price
  Error: L68: Failed to fetch price
  Error: L69: Failed to fetch price
[2025-11-22T17:03:32.071697+00:00] Updated 38/69 markets
  Error: L37: Failed to fetch price
  Error: L39: Failed to fetch price
  Error: L40: Failed to fetch price
  Error: L41: Failed to fetch price
  Error: L42: Failed to fetch price
  Error: L43: Failed to fetch price
  Error: L44: Failed to fetch price
  Error: L46: Failed to fetch price
  Error: L47: Failed to fetch price
  Error: L48: Failed to fetch price
  Error: L49: Failed to fetch price
  Error: L50: Failed to fetch price
  Error: L51: Failed to fetch price
  Error: L52: Failed to fetch price
  Error: L53: Failed to fetch price
  Error: L54: Failed to fetch price
  Error: L55: Failed to fetch price
  Error: L56: Failed to fetch price
  Error: L57: Failed to fetch price
  Error: L58: Failed to fetch price
  Error: L59: Failed to fetch price
  Error: L60: Failed to fetch price
  Error: L61: Failed to fetch price
  Error: L62: Failed to fetch price
  Error: L63: Failed to fetch price
  Error: L64: Failed to fetch price
  Error: L65: Failed to fetch price
  Error: L66: Failed to fetch price
  Error: L67: Failed to fetch price
  Error: L68: Failed to fetch price
  Error: L69: Failed to fetch price
[2025-11-22T17:05:50.493410+00:00] Updated 38/69 markets
  Error: L37: Failed to fetch price
  Error: L39: Failed to fetch price
  Error: L40: Failed to fetch price
  Error: L41: Failed to fetch price
  Error: L42: Failed to fetch price
  Error: L43: Failed to fetch price
  Error: L44: Failed to fetch price
  Error: L46: Failed to fetch price
  Error: L47: Failed to fetch price
  Error: L48: Failed to fetch price
  Error: L49: Failed to fetch price
  Error: L50: Failed to fetch price
  Error: L51: Failed to fetch price
  Error: L52: Failed to fetch price
  Error: L53: Failed to fetch price
  Error: L54: Failed to fetch price
  Error: L55: Failed to fetch price
  Error: L56: Failed to fetch price
  Error: L57: Failed to fetch price
  Error: L58: Failed to fetch price
  Error: L59: Failed to fetch price
  Error: L60: Failed to fetch price
  Error: L61: Failed to fetch price
  Error: L62: Failed to fetch price
  Error: L63: Failed to fetch price
  Error: L64: Failed to fetch price
  Error: L65: Failed to fetch price
  Error: L66: Failed to fetch price
  Error: L67: Failed to fetch price
  Error: L68: Failed to fetch price
  Error: L69: Failed to fetch price
[2025-11-22T17:07:16.735194+00:00] Updated 38/69 markets
  Error: L37: Failed to fetch price
  Error: L39: Failed to fetch price
  Error: L40: Failed to fetch price
  Error: L41: Failed to fetch price
  Error: L42: Failed to fetch price
  Error: L43: Failed to fetch price
  Error: L44: Failed to fetch price
  Error: L46: Failed to fetch price
  Error: L47: Failed to fetch price
  Error: L48: Failed to fetch price
  Error: L49: Failed to fetch price
  Error: L50: Failed to fetch price
  Error: L51: Failed to fetch price
  Error: L52: Failed to fetch price
  Error: L53: Failed to fetch price
  Error: L54: Failed to fetch price
  Error: L55: Failed to fetch price
  Error: L56: Failed to fetch price
  Error: L57: Failed to fetch price
  Error: L58: Failed to fetch price
  Error: L59: Failed to fetch price
  Error: L60: Failed to fetch price
  Error: L61: Failed to fetch price
  Error: L62: Failed to fetch price
  Error: L63: Failed to fetch price
  Error: L64: Failed to fetch price
  Error: L65: Failed to fetch price
  Error: L66: Failed to fetch price
  Error: L67: Failed to fetch price
  Error: L68: Failed to fetch price
  Error: L69: Failed to fetch price
[2025-11-22T17:08:45.806065+00:00] Updated 38/69 markets
  Error: L37: Failed to fetch price
  Error: L39: Failed to fetch price
  Error: L40: Failed to fetch price
  Error: L41: Failed to fetch price
  Error: L42: Failed to fetch price
  Error: L43: Failed to fetch price
  Error: L44: Failed to fetch price
  Error: L46: Failed to fetch price
  Error: L47: Failed to fetch price
  Error: L48: Failed to fetch price
  Error: L49: Failed to fetch price
  Error: L50: Failed to fetch price
  Error: L51: Failed to fetch price
  Error: L52: Failed to fetch price
  Error: L53: Failed to fetch price
  Error: L54: Failed to fetch price
  Error: L55: Failed to fetch price
  Error: L56: Failed to fetch price
  Error: L57: Failed to fetch price
  Error: L58: Failed to fetch price
  Error: L59: Failed to fetch price
  Error: L60: Failed to fetch price
  Error: L61: Failed to fetch price
  Error: L62: Failed to fetch price
  Error: L63: Failed to fetch price
  Error: L64: Failed to fetch price
  Error: L65: Failed to fetch price
  Error: L66: Failed to fetch price
  Error: L67: Failed to fetch price
  Error: L68: Failed to fetch price
  Error: L69: Failed to fetch price
[2025-11-22T17:10:14.390680+00:00] Updated 38/69 markets
  Error: L37: Failed to fetch price
  Error: L39: Failed to fetch price
  Error: L40: Failed to fetch price
  Error: L41: Failed to fetch price
  Error: L42: Failed to fetch price
  Error: L43: Failed to fetch price
  Error: L44: Failed to fetch price
  Error: L46: Failed to fetch price
  Error: L47: Failed to fetch price
  Error: L48: Failed to fetch price
  Error: L49: Failed to fetch price
  Error: L50: Failed to fetch price
  Error: L51: Failed to fetch price
  Error: L52: Failed to fetch price
  Error: L53: Failed to fetch price
  Error: L54: Failed to fetch price
  Error: L55: Failed to fetch price
  Error: L56: Failed to fetch price
  Error: L57: Failed to fetch price
  Error: L58: Failed to fetch price
  Error: L59: Failed to fetch price
  Error: L60: Failed to fetch price
  Error: L61: Failed to fetch price
  Error: L62: Failed to fetch price
  Error: L63: Failed to fetch price
  Error: L64: Failed to fetch price
  Error: L65: Failed to fetch price
  Error: L66: Failed to fetch price
  Error: L67: Failed to fetch price
  Error: L68: Failed to fetch price
  Error: L69: Failed to fetch price
[2025-11-22T17:11:41.944580+00:00] Updated 38/69 markets
  Error: L37: Failed to fetch price
  Error: L39: Failed to fetch price
  Error: L40: Failed to fetch price
  Error: L41: Failed to fetch price
  Error: L42: Failed to fetch price
  Error: L43: Failed to fetch price
  Error: L44: Failed to fetch price
  Error: L46: Failed to fetch price
  Error: L47: Failed to fetch price
  Error: L48: Failed to fetch price
  Error: L49: Failed to fetch price
  Error: L50: Failed to fetch price
  Error: L51: Failed to fetch price
  Error: L52: Failed to fetch price
  Error: L53: Failed to fetch price
  Error: L54: Failed to fetch price
  Error: L55: Failed to fetch price
  Error: L56: Failed to fetch price
  Error: L57: Failed to fetch price
  Error: L58: Failed to fetch price
  Error: L59: Failed to fetch price
  Error: L60: Failed to fetch price
  Error: L61: Failed to fetch price
  Error: L62: Failed to fetch price
  Error: L63: Failed to fetch price
  Error: L64: Failed to fetch price
  Error: L65: Failed to fetch price
  Error: L66: Failed to fetch price
  Error: L67: Failed to fetch price
  Error: L68: Failed to fetch price
  Error: L69: Failed to fetch price
[2025-11-22T17:13:14.445403+00:00] Updated 38/69 markets
  Error: L37: Failed to fetch price
  Error: L39: Failed to fetch price
  Error: L40: Failed to fetch price
  Error: L41: Failed to fetch price
  Error: L42: Failed to fetch price
  Error: L43: Failed to fetch price
  Error: L44: Failed to fetch price
  Error: L46: Failed to fetch price
  Error: L47: Failed to fetch price
  Error: L48: Failed to fetch price
  Error: L49: Failed to fetch price
  Error: L50: Failed to fetch price
  Error: L51: Failed to fetch price
  Error: L52: Failed to fetch price
  Error: L53: Failed to fetch price
  Error: L54: Failed to fetch price
  Error: L55: Failed to fetch price
  Error: L56: Failed to fetch price
  Error: L57: Failed to fetch price
  Error: L58: Failed to fetch price
  Error: L59: Failed to fetch price
  Error: L60: Failed to fetch price
  Error: L61: Failed to fetch price
  Error: L62: Failed to fetch price
  Error: L63: Failed to fetch price
  Error: L64: Failed to fetch price
  Error: L65: Failed to fetch price
  Error: L66: Failed to fetch price
  Error: L67: Failed to fetch price
  Error: L68: Failed to fetch price
  Error: L69: Failed to fetch price
[2025-11-22T17:14:45.401191+00:00] Updated 38/69 markets
  Error: L37: Failed to fetch price
  Error: L39: Failed to fetch price
  Error: L40: Failed to fetch price
  Error: L41: Failed to fetch price
  Error: L42: Failed to fetch price
  Error: L43: Failed to fetch price
  Error: L44: Failed to fetch price
  Error: L46: Failed to fetch price
  Error: L47: Failed to fetch price
  Error: L48: Failed to fetch price
  Error: L49: Failed to fetch price
  Error: L50: Failed to fetch price
  Error: L51: Failed to fetch price
  Error: L52: Failed to fetch price
  Error: L53: Failed to fetch price
  Error: L54: Failed to fetch price
  Error: L55: Failed to fetch price
  Error: L56: Failed to fetch price
  Error: L57: Failed to fetch price
  Error: L58: Failed to fetch price
  Error: L59: Failed to fetch price
  Error: L60: Failed to fetch price
  Error: L61: Failed to fetch price
  Error: L62: Failed to fetch price
  Error: L63: Failed to fetch price
  Error: L64: Failed to fetch price
  Error: L65: Failed to fetch price
  Error: L66: Failed to fetch price
  Error: L67: Failed to fetch price
  Error: L68: Failed to fetch price
  Error: L69: Failed to fetch price
[2025-11-22T17:16:19.810383+00:00] Updated 38/69 markets
  Error: L37: Failed to fetch price
  Error: L39: Failed to fetch price
  Error: L40: Failed to fetch price
  Error: L41: Failed to fetch price
  Error: L42: Failed to fetch price
  Error: L43: Failed to fetch price
  Error: L44: Failed to fetch price
  Error: L46: Failed to fetch price
  Error: L47: Failed to fetch price
  Error: L48: Failed to fetch price
  Error: L49: Failed to fetch price
  Error: L50: Failed to fetch price
  Error: L51: Failed to fetch price
  Error: L52: Failed to fetch price
  Error: L53: Failed to fetch price
  Error: L54: Failed to fetch price
  Error: L55: Failed to fetch price
  Error: L56: Failed to fetch price
  Error: L57: Failed to fetch price
  Error: L58: Failed to fetch price
  Error: L59: Failed to fetch price
  Error: L60: Failed to fetch price
  Error: L61: Failed to fetch price
  Error: L62: Failed to fetch price
  Error: L63: Failed to fetch price
  Error: L64: Failed to fetch price
  Error: L65: Failed to fetch price
  Error: L66: Failed to fetch price
  Error: L67: Failed to fetch price
  Error: L68: Failed to fetch price
  Error: L69: Failed to fetch price
[2025-11-22T17:17:46.052415+00:00] Updated 38/69 markets
  Error: L37: Failed to fetch price
  Error: L39: Failed to fetch price
  Error: L40: Failed to fetch price
  Error: L41: Failed to fetch price
  Error: L42: Failed to fetch price
  Error: L43: Failed to fetch price
  Error: L44: Failed to fetch price
  Error: L46: Failed to fetch price
  Error: L47: Failed to fetch price
  Error: L48: Failed to fetch price
  Error: L49: Failed to fetch price
  Error: L50: Failed to fetch price
  Error: L51: Failed to fetch price
  Error: L52: Failed to fetch price
  Error: L53: Failed to fetch price
  Error: L54: Failed to fetch price
  Error: L55: Failed to fetch price
  Error: L56: Failed to fetch price
  Error: L57: Failed to fetch price
  Error: L58: Failed to fetch price
  Error: L59: Failed to fetch price
  Error: L60: Failed to fetch price
  Error: L61: Failed to fetch price
  Error: L62: Failed to fetch price
  Error: L63: Failed to fetch price
  Error: L64: Failed to fetch price
  Error: L65: Failed to fetch price
  Error: L66: Failed to fetch price
  Error: L67: Failed to fetch price
  Error: L68: Failed to fetch price
  Error: L69: Failed to fetch price
[2025-11-22T17:19:16.324858+00:00] Updated 38/69 markets
  Error: L37: Failed to fetch price
  Error: L39: Failed to fetch price
  Error: L40: Failed to fetch price
  Error: L41: Failed to fetch price
  Error: L42: Failed to fetch price
  Error: L43: Failed to fetch price
  Error: L44: Failed to fetch price
  Error: L46: Failed to fetch price
  Error: L47: Failed to fetch price
  Error: L48: Failed to fetch price
  Error: L49: Failed to fetch price
  Error: L50: Failed to fetch price
  Error: L51: Failed to fetch price
  Error: L52: Failed to fetch price
  Error: L53: Failed to fetch price
  Error: L54: Failed to fetch price
  Error: L55: Failed to fetch price
  Error: L56: Failed to fetch price
  Error: L57: Failed to fetch price
  Error: L58: Failed to fetch price
  Error: L59: Failed to fetch price
  Error: L60: Failed to fetch price
  Error: L61: Failed to fetch price
  Error: L62: Failed to fetch price
  Error: L63: Failed to fetch price
  Error: L64: Failed to fetch price
  Error: L65: Failed to fetch price
  Error: L66: Failed to fetch price
  Error: L67: Failed to fetch price
  Error: L68: Failed to fetch price
  Error: L69: Failed to fetch price
[2025-11-22T17:20:49.144026+00:00] Updated 38/69 markets
  Error: L37: Failed to fetch price
  Error: L39: Failed to fetch price
  Error: L40: Failed to fetch price
  Error: L41: Failed to fetch price
  Error: L42: Failed to fetch price
  Error: L43: Failed to fetch price
  Error: L44: Failed to fetch price
  Error: L46: Failed to fetch price
  Error: L47: Failed to fetch price
  Error: L48: Failed to fetch price
  Error: L49: Failed to fetch price
  Error: L50: Failed to fetch price
  Error: L51: Failed to fetch price
  Error: L52: Failed to fetch price
  Error: L53: Failed to fetch price
  Error: L54: Failed to fetch price
  Error: L55: Failed to fetch price
  Error: L56: Failed to fetch price
  Error: L57: Failed to fetch price
  Error: L58: Failed to fetch price
  Error: L59: Failed to fetch price
  Error: L60: Failed to fetch price
  Error: L61: Failed to fetch price
  Error: L62: Failed to fetch price
  Error: L63: Failed to fetch price
  Error: L64: Failed to fetch price
  Error: L65: Failed to fetch price
  Error: L66: Failed to fetch price
  Error: L67: Failed to fetch price
  Error: L68: Failed to fetch price
  Error: L69: Failed to fetch price
[2025-11-22T17:22:25.252646+00:00] Updated 38/69 markets
  Error: L37: Failed to fetch price
  Error: L39: Failed to fetch price
  Error: L40: Failed to fetch price
  Error: L41: Failed to fetch price
  Error: L42: Failed to fetch price
  Error: L43: Failed to fetch price
  Error: L44: Failed to fetch price
  Error: L46: Failed to fetch price
  Error: L47: Failed to fetch price
  Error: L48: Failed to fetch price
  Error: L49: Failed to fetch price
  Error: L50: Failed to fetch price
  Error: L51: Failed to fetch price
  Error: L52: Failed to fetch price
  Error: L53: Failed to fetch price
  Error: L54: Failed to fetch price
  Error: L55: Failed to fetch price
  Error: L56: Failed to fetch price
  Error: L57: Failed to fetch price
  Error: L58: Failed to fetch price
  Error: L59: Failed to fetch price
  Error: L60: Failed to fetch price
  Error: L61: Failed to fetch price
  Error: L62: Failed to fetch price
  Error: L63: Failed to fetch price
  Error: L64: Failed to fetch price
  Error: L65: Failed to fetch price
  Error: L66: Failed to fetch price
  Error: L67: Failed to fetch price
  Error: L68: Failed to fetch price
  Error: L69: Failed to fetch price
[2025-11-22T17:23:53.593657+00:00] Updated 38/69 markets
  Error: L37: Failed to fetch price
  Error: L39: Failed to fetch price
  Error: L40: Failed to fetch price
  Error: L41: Failed to fetch price
  Error: L42: Failed to fetch price
  Error: L43: Failed to fetch price
  Error: L44: Failed to fetch price
  Error: L46: Failed to fetch price
  Error: L47: Failed to fetch price
  Error: L48: Failed to fetch price
  Error: L49: Failed to fetch price
  Error: L50: Failed to fetch price
  Error: L51: Failed to fetch price
  Error: L52: Failed to fetch price
  Error: L53: Failed to fetch price
  Error: L54: Failed to fetch price
  Error: L55: Failed to fetch price
  Error: L56: Failed to fetch price
  Error: L57: Failed to fetch price
  Error: L58: Failed to fetch price
  Error: L59: Failed to fetch price
  Error: L60: Failed to fetch price
  Error: L61: Failed to fetch price
  Error: L62: Failed to fetch price
  Error: L63: Failed to fetch price
  Error: L64: Failed to fetch price
  Error: L65: Failed to fetch price
  Error: L66: Failed to fetch price
  Error: L67: Failed to fetch price
  Error: L68: Failed to fetch price
  Error: L69: Failed to fetch price
[2025-11-22T17:25:22.554028+00:00] Updated 38/69 markets
  Error: L37: Failed to fetch price
  Error: L39: Failed to fetch price
  Error: L40: Failed to fetch price
  Error: L41: Failed to fetch price
  Error: L42: Failed to fetch price
  Error: L43: Failed to fetch price
  Error: L44: Failed to fetch price
  Error: L46: Failed to fetch price
  Error: L47: Failed to fetch price
  Error: L48: Failed to fetch price
  Error: L49: Failed to fetch price
  Error: L50: Failed to fetch price
  Error: L51: Failed to fetch price
  Error: L52: Failed to fetch price
  Error: L53: Failed to fetch price
  Error: L54: Failed to fetch price
  Error: L55: Failed to fetch price
  Error: L56: Failed to fetch price
  Error: L57: Failed to fetch price
  Error: L58: Failed to fetch price
  Error: L59: Failed to fetch price
  Error: L60: Failed to fetch price
  Error: L61: Failed to fetch price
  Error: L62: Failed to fetch price
  Error: L63: Failed to fetch price
  Error: L64: Failed to fetch price
  Error: L65: Failed to fetch price
  Error: L66: Failed to fetch price
  Error: L67: Failed to fetch price
  Error: L68: Failed to fetch price
  Error: L69: Failed to fetch price
